INFO: [VRFC 10-163] Analyzing VHDL file "C:/Users/C27Brandon.Sweitzer/workspace/ece383_wksp/lab2/lab2/lab2.srcs/sources_1/imports/lab2_code_for_cadets_2026/ece383_pkg.vhd" into library xil_defaultlib
INFO: [VRFC 10-163] Analyzing VHDL file "C:/Users/C27Brandon.Sweitzer/workspace/ece383_wksp/lab2/lab2/lab2.srcs/sources_1/new/color_mapper.vhd" into library xil_defaultlib
INFO: [VRFC 10-3107] analyzing entity 'color_mapper'
INFO: [VRFC 10-163] Analyzing VHDL file "C:/Users/C27Brandon.Sweitzer/workspace/ece383_wksp/lab2/lab2/lab2.srcs/sources_1/imports/imports/381572701/counter.vhdl" into library xil_defaultlib
INFO: [VRFC 10-3107] analyzing entity 'counter'
INFO: [VRFC 10-163] Analyzing VHDL file "C:/Users/C27Brandon.Sweitzer/workspace/ece383_wksp/lab2/lab2/lab2.srcs/sources_1/imports/Downloads/Lab02_cadet_code/lab2_code_for_cadets_2026/dvid.vhdl" into library xil_defaultlib
INFO: [VRFC 10-3107] analyzing entity 'dvid'
INFO: [VRFC 10-163] Analyzing VHDL file "C:/Users/C27Brandon.Sweitzer/workspace/ece383_wksp/lab2/lab2/lab2.srcs/sources_1/imports/imports/Lab1_Cadet_Code_2026/video.vhdl" into library xil_defaultlib
INFO: [VRFC 10-3107] analyzing entity 'video'
INFO: [VRFC 10-163] Analyzing VHDL file "C:/Users/C27Brandon.Sweitzer/workspace/ece383_wksp/lab2/lab2/lab2.srcs/sources_1/imports/Downloads/Lab02_cadet_code/lab2_code_for_cadets_2026/tdms.vhdl" into library xil_defaultlib
INFO: [VRFC 10-3107] analyzing entity 'TDMS_encoder'
INFO: [VRFC 10-163] Analyzing VHDL file "C:/Users/C27Brandon.Sweitzer/workspace/ece383_wksp/lab2/lab2/lab2.srcs/sources_1/imports/Lab1_Cadet_Code_2026/vga_signal_generator.vhd" into library xil_defaultlib
INFO: [VRFC 10-3107] analyzing entity 'vga_signal_generator'
INFO: [VRFC 10-163] Analyzing VHDL file "C:/Users/C27Brandon.Sweitzer/workspace/ece383_wksp/lab2/lab2/lab2.srcs/sources_1/imports/Lab1_Cadet_Code_2026/vga.vhd" into library xil_defaultlib
INFO: [VRFC 10-3107] analyzing entity 'vga'
INFO: [VRFC 10-163] Analyzing VHDL file "C:/Users/C27Brandon.Sweitzer/workspace/ece383_wksp/lab2/lab2/lab2.srcs/sim_1/new/gc1_tb.vhd" into library xil_defaultlib
INFO: [VRFC 10-3107] analyzing entity 'gc1_tb'
ERROR: [VRFC 10-3215] character ''0'' is not in type 'unsigned' [C:/Users/C27Brandon.Sweitzer/workspace/ece383_wksp/lab2/lab2/lab2.srcs/sim_1/new/gc1_tb.vhd:52]
ERROR: [VRFC 10-2987] 'bram_left' is not compiled in library 'xil_defaultlib' [C:/Users/C27Brandon.Sweitzer/workspace/ece383_wksp/lab2/lab2/lab2.srcs/sim_1/new/gc1_tb.vhd:91]
ERROR: [VRFC 10-2987] 'bram_right' is not compiled in library 'xil_defaultlib' [C:/Users/C27Brandon.Sweitzer/workspace/ece383_wksp/lab2/lab2/lab2.srcs/sim_1/new/gc1_tb.vhd:101]
ERROR: [VRFC 10-9458] unit 'sim' is ignored due to previous errors [C:/Users/C27Brandon.Sweitzer/workspace/ece383_wksp/lab2/lab2/lab2.srcs/sim_1/new/gc1_tb.vhd:34]
INFO: [VRFC 10-8704] VHDL file 'C:/Users/C27Brandon.Sweitzer/workspace/ece383_wksp/lab2/lab2/lab2.srcs/sim_1/new/gc1_tb.vhd' is ignored due to errors
