Copyright 1986-2022 Xilinx, Inc. All Rights Reserved. Copyright 2022-2024 Advanced Micro Devices, Inc. All Rights Reserved.
---------------------------------------------------------------------------------------------------------------------------------------------
| Tool Version : Vivado v.2024.2 (win64) Build 5239630 Fri Nov 08 22:35:27 MST 2024
| Date         : Fri May  8 15:13:33 2026
| Host         : C27-5CG31328K0 running 64-bit major release  (build 9200)
| Command      : report_control_sets -verbose -file Tetris_control_sets_placed.rpt
| Design       : Tetris
| Device       : xc7a200t
---------------------------------------------------------------------------------------------------------------------------------------------

Control Set Information

Table of Contents
-----------------
1. Summary
2. Histogram
3. Flip-Flop Distribution
4. Detailed Control Set Information

1. Summary
----------

+----------------------------------------------------------+-------+
|                          Status                          | Count |
+----------------------------------------------------------+-------+
| Total control sets                                       |    26 |
|    Minimum number of control sets                        |    26 |
|    Addition due to synthesis replication                 |     0 |
|    Addition due to physical synthesis replication        |     0 |
| Unused register locations in slices containing registers |    99 |
+----------------------------------------------------------+-------+
* Control sets can be merged at opt_design using control_set_merge or merge_equivalent_drivers
** Run report_qor_suggestions for automated merging and remapping suggestions


2. Histogram
------------

+--------------------+-------+
|       Fanout       | Count |
+--------------------+-------+
| Total control sets |    26 |
| >= 0 to < 4        |     2 |
| >= 4 to < 6        |     2 |
| >= 6 to < 8        |     3 |
| >= 8 to < 10       |     2 |
| >= 10 to < 12      |     8 |
| >= 12 to < 14      |     1 |
| >= 14 to < 16      |     0 |
| >= 16              |     8 |
+--------------------+-------+
* Control sets can be remapped at either synth_design or opt_design


3. Flip-Flop Distribution
-------------------------

+--------------+-----------------------+------------------------+-----------------+--------------+
| Clock Enable | Synchronous Set/Reset | Asynchronous Set/Reset | Total Registers | Total Slices |
+--------------+-----------------------+------------------------+-----------------+--------------+
| No           | No                    | No                     |              85 |           23 |
| No           | No                    | Yes                    |              27 |            7 |
| No           | Yes                   | No                     |             738 |          465 |
| Yes          | No                    | No                     |              13 |            5 |
| Yes          | No                    | Yes                    |               0 |            0 |
| Yes          | Yes                   | No                     |             118 |           45 |
+--------------+-----------------------+------------------------+-----------------+--------------+


4. Detailed Control Set Information
-----------------------------------

+-----------------------------------------------------+--------------------------------------------------+-----------------------------------------------------------+------------------+----------------+--------------+
|                     Clock Signal                    |                   Enable Signal                  |                      Set/Reset Signal                     | Slice Load Count | Bel Load Count | Bels / Slice |
+-----------------------------------------------------+--------------------------------------------------+-----------------------------------------------------------+------------------+----------------+--------------+
|  clk_IBUF_BUFG                                      | u_nes/s_clk                                      | u_game_clock/SR[0]                                        |                1 |              1 |         1.00 |
|  clk_IBUF_BUFG                                      | u_nes/s_latch                                    | u_game_clock/SR[0]                                        |                1 |              1 |         1.00 |
|  clk_IBUF_BUFG                                      | u_piece_logic/s_piece_x[4]_i_2_n_0               | u_piece_logic/s_piece_x[4]_i_1_n_0                        |                2 |              5 |         2.50 |
|  u_video/mmcm_adv_inst_display_clocks/inst/clk_out2 |                                                  | u_video/inst_dvid/shift_red[7]_i_1_n_0                    |                1 |              5 |         5.00 |
|  u_video/mmcm_adv_inst_display_clocks/inst/clk_out2 |                                                  | u_video/inst_dvid/shift_red[9]_i_1_n_0                    |                2 |              6 |         3.00 |
|  clk_IBUF_BUFG                                      |                                                  |                                                           |                4 |              7 |         1.75 |
|  clk_IBUF_BUFG                                      | u_board_memory/s_score                           | u_game_fsm/p_0_in                                         |                2 |              7 |         3.50 |
|  clk_IBUF_BUFG                                      | u_game_fsm/Q[3]                                  | u_game_fsm/p_0_in                                         |                2 |              8 |         4.00 |
|  clk_IBUF_BUFG                                      | u_piece_logic/s_piece_y[4]_i_2_n_0               | u_game_fsm/FSM_onehot_state_reg[1]_0                      |                4 |              9 |         2.25 |
|  clk_IBUF_BUFG                                      |                                                  | u_nes/step_count[9]_i_1_n_0                               |                3 |             10 |         3.33 |
|  u_video/mmcm_adv_inst_display_clocks/inst/clk_out1 |                                                  | u_video/inst_vga/u_vga_sig/h_counter/roll_tide[9]_i_1_n_0 |                2 |             10 |         5.00 |
|  u_video/mmcm_adv_inst_display_clocks/inst/clk_out1 | u_video/inst_vga/u_vga_sig/h_counter/E[0]        | u_game_clock/SR[0]                                        |                4 |             10 |         2.50 |
|  clk_IBUF_BUFG                                      | u_btn_drop/delay_counter/processQ[10]_i_1__2_n_0 | u_game_clock/SR[0]                                        |                5 |             11 |         2.20 |
|  clk_IBUF_BUFG                                      | u_btn_hard/delay_counter/processQ[10]_i_1__3_n_0 | u_game_clock/SR[0]                                        |                4 |             11 |         2.75 |
|  clk_IBUF_BUFG                                      | u_btn_left/delay_counter/processQ[10]_i_1_n_0    | u_game_clock/SR[0]                                        |                3 |             11 |         3.67 |
|  clk_IBUF_BUFG                                      | u_btn_right/delay_counter/state__0[0]            | u_game_clock/SR[0]                                        |                4 |             11 |         2.75 |
|  clk_IBUF_BUFG                                      | u_btn_rotate/delay_counter/state__0[0]           | u_game_clock/SR[0]                                        |                4 |             11 |         2.75 |
|  clk_IBUF_BUFG                                      | u_game_fsm/s_lock_cells[0][dx]                   |                                                           |                5 |             13 |         2.60 |
|  u_video/mmcm_adv_inst_display_clocks/inst/clk_out1 |                                                  | u_video/inst_vga/u_vga_sig/vga_reg[blank]_0               |                4 |             16 |         4.00 |
|  clk_IBUF_BUFG                                      |                                                  | u_nes/poll_count[0]_i_1_n_0                               |                6 |             21 |         3.50 |
|  clk_IBUF_BUFG                                      | u_game_fsm/s_lock_x                              | u_game_fsm/p_0_in                                         |                9 |             22 |         2.44 |
|  clk_IBUF_BUFG                                      |                                                  | u_game_fsm/p_0_in                                         |               12 |             27 |         2.25 |
|  u_video/mmcm_adv_inst_display_clocks/inst/clk_out2 |                                                  |                                                           |                6 |             29 |         4.83 |
|  u_video/mmcm_adv_inst_display_clocks/inst/clk_out1 |                                                  |                                                           |               13 |             49 |         3.77 |
|  clk_IBUF_BUFG                                      |                                                  | u_game_clock/SR[0]                                        |               21 |             70 |         3.33 |
|  clk_IBUF_BUFG                                      |                                                  | u_game_fsm/SR[0]                                          |              421 |            600 |         1.43 |
+-----------------------------------------------------+--------------------------------------------------+-----------------------------------------------------------+------------------+----------------+--------------+


